make[1]: Entering directory '/home/g4br13l/Documents/sistemasOperativos/practica01/memcached_Makefile/files/memcached'
make  all-recursive
make[2]: Entering directory '/home/g4br13l/Documents/sistemasOperativos/practica01/memcached_Makefile/files/memcached'
Making all in doc
make[3]: Entering directory '/home/g4br13l/Documents/sistemasOperativos/practica01/memcached_Makefile/files/memcached/doc'
make  all-am
make[4]: Entering directory '/home/g4br13l/Documents/sistemasOperativos/practica01/memcached_Makefile/files/memcached/doc'
make[4]: Nothing to be done for 'all-am'.
make[4]: Leaving directory '/home/g4br13l/Documents/sistemasOperativos/practica01/memcached_Makefile/files/memcached/doc'
make[3]: Leaving directory '/home/g4br13l/Documents/sistemasOperativos/practica01/memcached_Makefile/files/memcached/doc'
make[3]: Entering directory '/home/g4br13l/Documents/sistemasOperativos/practica01/memcached_Makefile/files/memcached'
gcc -DHAVE_CONFIG_H -I.  -DNDEBUG   -g -O2 -pthread -pthread -Wall -pedantic -Wmissing-prototypes -Wmissing-declarations -Wredundant-decls -MT memcached-memcached.o -MD -MP -MF .deps/memcached-memcached.Tpo -c -o memcached-memcached.o `test -f 'memcached.c' || echo './'`memcached.c
mv -f .deps/memcached-memcached.Tpo .deps/memcached-memcached.Po
gcc -DHAVE_CONFIG_H -I.  -DNDEBUG   -g -O2 -pthread -pthread -Wall -pedantic -Wmissing-prototypes -Wmissing-declarations -Wredundant-decls -MT memcached-hash.o -MD -MP -MF .deps/memcached-hash.Tpo -c -o memcached-hash.o `test -f 'hash.c' || echo './'`hash.c
mv -f .deps/memcached-hash.Tpo .deps/memcached-hash.Po
gcc -DHAVE_CONFIG_H -I.  -DNDEBUG   -g -O2 -pthread -pthread -Wall -pedantic -Wmissing-prototypes -Wmissing-declarations -Wredundant-decls -MT memcached-jenkins_hash.o -MD -MP -MF .deps/memcached-jenkins_hash.Tpo -c -o memcached-jenkins_hash.o `test -f 'jenkins_hash.c' || echo './'`jenkins_hash.c
mv -f .deps/memcached-jenkins_hash.Tpo .deps/memcached-jenkins_hash.Po
gcc -DHAVE_CONFIG_H -I.  -DNDEBUG   -g -O2 -pthread -pthread -Wall -pedantic -Wmissing-prototypes -Wmissing-declarations -Wredundant-decls -MT memcached-murmur3_hash.o -MD -MP -MF .deps/memcached-murmur3_hash.Tpo -c -o memcached-murmur3_hash.o `test -f 'murmur3_hash.c' || echo './'`murmur3_hash.c
mv -f .deps/memcached-murmur3_hash.Tpo .deps/memcached-murmur3_hash.Po
gcc -DHAVE_CONFIG_H -I.  -DNDEBUG   -g -O2 -pthread -pthread -Wall -pedantic -Wmissing-prototypes -Wmissing-declarations -Wredundant-decls -MT memcached-slabs.o -MD -MP -MF .deps/memcached-slabs.Tpo -c -o memcached-slabs.o `test -f 'slabs.c' || echo './'`slabs.c
mv -f .deps/memcached-slabs.Tpo .deps/memcached-slabs.Po
gcc -DHAVE_CONFIG_H -I.  -DNDEBUG   -g -O2 -pthread -pthread -Wall -pedantic -Wmissing-prototypes -Wmissing-declarations -Wredundant-decls -MT memcached-items.o -MD -MP -MF .deps/memcached-items.Tpo -c -o memcached-items.o `test -f 'items.c' || echo './'`items.c
mv -f .deps/memcached-items.Tpo .deps/memcached-items.Po
gcc -DHAVE_CONFIG_H -I.  -DNDEBUG   -g -O2 -pthread -pthread -Wall -pedantic -Wmissing-prototypes -Wmissing-declarations -Wredundant-decls -MT memcached-assoc.o -MD -MP -MF .deps/memcached-assoc.Tpo -c -o memcached-assoc.o `test -f 'assoc.c' || echo './'`assoc.c
mv -f .deps/memcached-assoc.Tpo .deps/memcached-assoc.Po
gcc -DHAVE_CONFIG_H -I.  -DNDEBUG   -g -O2 -pthread -pthread -Wall -pedantic -Wmissing-prototypes -Wmissing-declarations -Wredundant-decls -MT memcached-thread.o -MD -MP -MF .deps/memcached-thread.Tpo -c -o memcached-thread.o `test -f 'thread.c' || echo './'`thread.c
mv -f .deps/memcached-thread.Tpo .deps/memcached-thread.Po
gcc -DHAVE_CONFIG_H -I.  -DNDEBUG   -g -O2 -pthread -pthread -Wall -pedantic -Wmissing-prototypes -Wmissing-declarations -Wredundant-decls -MT memcached-daemon.o -MD -MP -MF .deps/memcached-daemon.Tpo -c -o memcached-daemon.o `test -f 'daemon.c' || echo './'`daemon.c
mv -f .deps/memcached-daemon.Tpo .deps/memcached-daemon.Po
gcc -DHAVE_CONFIG_H -I.  -DNDEBUG   -g -O2 -pthread -pthread -Wall -pedantic -Wmissing-prototypes -Wmissing-declarations -Wredundant-decls -MT memcached-stats_prefix.o -MD -MP -MF .deps/memcached-stats_prefix.Tpo -c -o memcached-stats_prefix.o `test -f 'stats_prefix.c' || echo './'`stats_prefix.c
mv -f .deps/memcached-stats_prefix.Tpo .deps/memcached-stats_prefix.Po
gcc -DHAVE_CONFIG_H -I.  -DNDEBUG   -g -O2 -pthread -pthread -Wall -pedantic -Wmissing-prototypes -Wmissing-declarations -Wredundant-decls -MT memcached-util.o -MD -MP -MF .deps/memcached-util.Tpo -c -o memcached-util.o `test -f 'util.c' || echo './'`util.c
mv -f .deps/memcached-util.Tpo .deps/memcached-util.Po
gcc -DHAVE_CONFIG_H -I.  -DNDEBUG   -g -O2 -pthread -pthread -Wall -pedantic -Wmissing-prototypes -Wmissing-declarations -Wredundant-decls -MT memcached-cache.o -MD -MP -MF .deps/memcached-cache.Tpo -c -o memcached-cache.o `test -f 'cache.c' || echo './'`cache.c
mv -f .deps/memcached-cache.Tpo .deps/memcached-cache.Po
gcc -DHAVE_CONFIG_H -I.  -DNDEBUG   -g -O2 -pthread -pthread -Wall -pedantic -Wmissing-prototypes -Wmissing-declarations -Wredundant-decls -MT memcached-bipbuffer.o -MD -MP -MF .deps/memcached-bipbuffer.Tpo -c -o memcached-bipbuffer.o `test -f 'bipbuffer.c' || echo './'`bipbuffer.c
mv -f .deps/memcached-bipbuffer.Tpo .deps/memcached-bipbuffer.Po
gcc -DHAVE_CONFIG_H -I.  -DNDEBUG   -g -O2 -pthread -pthread -Wall -pedantic -Wmissing-prototypes -Wmissing-declarations -Wredundant-decls -MT memcached-base64.o -MD -MP -MF .deps/memcached-base64.Tpo -c -o memcached-base64.o `test -f 'base64.c' || echo './'`base64.c
mv -f .deps/memcached-base64.Tpo .deps/memcached-base64.Po
gcc -DHAVE_CONFIG_H -I.  -DNDEBUG   -g -O2 -pthread -pthread -Wall -pedantic -Wmissing-prototypes -Wmissing-declarations -Wredundant-decls -MT memcached-logger.o -MD -MP -MF .deps/memcached-logger.Tpo -c -o memcached-logger.o `test -f 'logger.c' || echo './'`logger.c
mv -f .deps/memcached-logger.Tpo .deps/memcached-logger.Po
gcc -DHAVE_CONFIG_H -I.  -DNDEBUG   -g -O2 -pthread -pthread -Wall -pedantic -Wmissing-prototypes -Wmissing-declarations -Wredundant-decls -MT memcached-crawler.o -MD -MP -MF .deps/memcached-crawler.Tpo -c -o memcached-crawler.o `test -f 'crawler.c' || echo './'`crawler.c
mv -f .deps/memcached-crawler.Tpo .deps/memcached-crawler.Po
gcc -DHAVE_CONFIG_H -I.  -DNDEBUG   -g -O2 -pthread -pthread -Wall -pedantic -Wmissing-prototypes -Wmissing-declarations -Wredundant-decls -MT memcached-itoa_ljust.o -MD -MP -MF .deps/memcached-itoa_ljust.Tpo -c -o memcached-itoa_ljust.o `test -f 'itoa_ljust.c' || echo './'`itoa_ljust.c
mv -f .deps/memcached-itoa_ljust.Tpo .deps/memcached-itoa_ljust.Po
gcc -DHAVE_CONFIG_H -I.  -DNDEBUG   -g -O2 -pthread -pthread -Wall -pedantic -Wmissing-prototypes -Wmissing-declarations -Wredundant-decls -MT memcached-slab_automove.o -MD -MP -MF .deps/memcached-slab_automove.Tpo -c -o memcached-slab_automove.o `test -f 'slab_automove.c' || echo './'`slab_automove.c
mv -f .deps/memcached-slab_automove.Tpo .deps/memcached-slab_automove.Po
gcc -DHAVE_CONFIG_H -I.  -DNDEBUG   -g -O2 -pthread -pthread -Wall -pedantic -Wmissing-prototypes -Wmissing-declarations -Wredundant-decls -MT memcached-slabs_mover.o -MD -MP -MF .deps/memcached-slabs_mover.Tpo -c -o memcached-slabs_mover.o `test -f 'slabs_mover.c' || echo './'`slabs_mover.c
mv -f .deps/memcached-slabs_mover.Tpo .deps/memcached-slabs_mover.Po
gcc -DHAVE_CONFIG_H -I.  -DNDEBUG   -g -O2 -pthread -pthread -Wall -pedantic -Wmissing-prototypes -Wmissing-declarations -Wredundant-decls -MT memcached-authfile.o -MD -MP -MF .deps/memcached-authfile.Tpo -c -o memcached-authfile.o `test -f 'authfile.c' || echo './'`authfile.c
mv -f .deps/memcached-authfile.Tpo .deps/memcached-authfile.Po
gcc -DHAVE_CONFIG_H -I.  -DNDEBUG   -g -O2 -pthread -pthread -Wall -pedantic -Wmissing-prototypes -Wmissing-declarations -Wredundant-decls -MT memcached-restart.o -MD -MP -MF .deps/memcached-restart.Tpo -c -o memcached-restart.o `test -f 'restart.c' || echo './'`restart.c
mv -f .deps/memcached-restart.Tpo .deps/memcached-restart.Po
gcc -DHAVE_CONFIG_H -I.  -DNDEBUG   -g -O2 -pthread -pthread -Wall -pedantic -Wmissing-prototypes -Wmissing-declarations -Wredundant-decls -MT memcached-proto_text.o -MD -MP -MF .deps/memcached-proto_text.Tpo -c -o memcached-proto_text.o `test -f 'proto_text.c' || echo './'`proto_text.c
mv -f .deps/memcached-proto_text.Tpo .deps/memcached-proto_text.Po
gcc -DHAVE_CONFIG_H -I.  -DNDEBUG   -g -O2 -pthread -pthread -Wall -pedantic -Wmissing-prototypes -Wmissing-declarations -Wredundant-decls -MT memcached-proto_bin.o -MD -MP -MF .deps/memcached-proto_bin.Tpo -c -o memcached-proto_bin.o `test -f 'proto_bin.c' || echo './'`proto_bin.c
mv -f .deps/memcached-proto_bin.Tpo .deps/memcached-proto_bin.Po
gcc -DHAVE_CONFIG_H -I.  -DNDEBUG   -g -O2 -pthread -pthread -Wall -pedantic -Wmissing-prototypes -Wmissing-declarations -Wredundant-decls -MT memcached-extstore.o -MD -MP -MF .deps/memcached-extstore.Tpo -c -o memcached-extstore.o `test -f 'extstore.c' || echo './'`extstore.c
mv -f .deps/memcached-extstore.Tpo .deps/memcached-extstore.Po
gcc -DHAVE_CONFIG_H -I.  -DNDEBUG   -g -O2 -pthread -pthread -Wall -pedantic -Wmissing-prototypes -Wmissing-declarations -Wredundant-decls -MT memcached-crc32c.o -MD -MP -MF .deps/memcached-crc32c.Tpo -c -o memcached-crc32c.o `test -f 'crc32c.c' || echo './'`crc32c.c
mv -f .deps/memcached-crc32c.Tpo .deps/memcached-crc32c.Po
gcc -DHAVE_CONFIG_H -I.  -DNDEBUG   -g -O2 -pthread -pthread -Wall -pedantic -Wmissing-prototypes -Wmissing-declarations -Wredundant-decls -MT memcached-storage.o -MD -MP -MF .deps/memcached-storage.Tpo -c -o memcached-storage.o `test -f 'storage.c' || echo './'`storage.c
mv -f .deps/memcached-storage.Tpo .deps/memcached-storage.Po
gcc -DHAVE_CONFIG_H -I.  -DNDEBUG   -g -O2 -pthread -pthread -Wall -pedantic -Wmissing-prototypes -Wmissing-declarations -Wredundant-decls -MT memcached-slab_automove_extstore.o -MD -MP -MF .deps/memcached-slab_automove_extstore.Tpo -c -o memcached-slab_automove_extstore.o `test -f 'slab_automove_extstore.c' || echo './'`slab_automove_extstore.c
mv -f .deps/memcached-slab_automove_extstore.Tpo .deps/memcached-slab_automove_extstore.Po
gcc  -g -O2 -pthread -pthread -Wall -pedantic -Wmissing-prototypes -Wmissing-declarations -Wredundant-decls   -o memcached memcached-memcached.o memcached-hash.o memcached-jenkins_hash.o memcached-murmur3_hash.o memcached-slabs.o memcached-items.o memcached-assoc.o memcached-thread.o memcached-daemon.o memcached-stats_prefix.o memcached-util.o memcached-cache.o memcached-bipbuffer.o memcached-base64.o memcached-logger.o memcached-crawler.o memcached-itoa_ljust.o memcached-slab_automove.o memcached-slabs_mover.o memcached-authfile.o memcached-restart.o memcached-proto_text.o memcached-proto_bin.o        memcached-extstore.o memcached-crc32c.o memcached-storage.o memcached-slab_automove_extstore.o      -levent 
gcc -DHAVE_CONFIG_H -I.    -fprofile-arcs -ftest-coverage -DMEMCACHED_DEBUG -g -O2 -pthread -pthread -Wall -pedantic -Wmissing-prototypes -Wmissing-declarations -Wredundant-decls -MT memcached_debug-memcached.o -MD -MP -MF .deps/memcached_debug-memcached.Tpo -c -o memcached_debug-memcached.o `test -f 'memcached.c' || echo './'`memcached.c
mv -f .deps/memcached_debug-memcached.Tpo .deps/memcached_debug-memcached.Po
gcc -DHAVE_CONFIG_H -I.    -fprofile-arcs -ftest-coverage -DMEMCACHED_DEBUG -g -O2 -pthread -pthread -Wall -pedantic -Wmissing-prototypes -Wmissing-declarations -Wredundant-decls -MT memcached_debug-hash.o -MD -MP -MF .deps/memcached_debug-hash.Tpo -c -o memcached_debug-hash.o `test -f 'hash.c' || echo './'`hash.c
mv -f .deps/memcached_debug-hash.Tpo .deps/memcached_debug-hash.Po
gcc -DHAVE_CONFIG_H -I.    -fprofile-arcs -ftest-coverage -DMEMCACHED_DEBUG -g -O2 -pthread -pthread -Wall -pedantic -Wmissing-prototypes -Wmissing-declarations -Wredundant-decls -MT memcached_debug-jenkins_hash.o -MD -MP -MF .deps/memcached_debug-jenkins_hash.Tpo -c -o memcached_debug-jenkins_hash.o `test -f 'jenkins_hash.c' || echo './'`jenkins_hash.c
mv -f .deps/memcached_debug-jenkins_hash.Tpo .deps/memcached_debug-jenkins_hash.Po
gcc -DHAVE_CONFIG_H -I.    -fprofile-arcs -ftest-coverage -DMEMCACHED_DEBUG -g -O2 -pthread -pthread -Wall -pedantic -Wmissing-prototypes -Wmissing-declarations -Wredundant-decls -MT memcached_debug-murmur3_hash.o -MD -MP -MF .deps/memcached_debug-murmur3_hash.Tpo -c -o memcached_debug-murmur3_hash.o `test -f 'murmur3_hash.c' || echo './'`murmur3_hash.c
mv -f .deps/memcached_debug-murmur3_hash.Tpo .deps/memcached_debug-murmur3_hash.Po
gcc -DHAVE_CONFIG_H -I.    -fprofile-arcs -ftest-coverage -DMEMCACHED_DEBUG -g -O2 -pthread -pthread -Wall -pedantic -Wmissing-prototypes -Wmissing-declarations -Wredundant-decls -MT memcached_debug-slabs.o -MD -MP -MF .deps/memcached_debug-slabs.Tpo -c -o memcached_debug-slabs.o `test -f 'slabs.c' || echo './'`slabs.c
mv -f .deps/memcached_debug-slabs.Tpo .deps/memcached_debug-slabs.Po
gcc -DHAVE_CONFIG_H -I.    -fprofile-arcs -ftest-coverage -DMEMCACHED_DEBUG -g -O2 -pthread -pthread -Wall -pedantic -Wmissing-prototypes -Wmissing-declarations -Wredundant-decls -MT memcached_debug-items.o -MD -MP -MF .deps/memcached_debug-items.Tpo -c -o memcached_debug-items.o `test -f 'items.c' || echo './'`items.c
mv -f .deps/memcached_debug-items.Tpo .deps/memcached_debug-items.Po
gcc -DHAVE_CONFIG_H -I.    -fprofile-arcs -ftest-coverage -DMEMCACHED_DEBUG -g -O2 -pthread -pthread -Wall -pedantic -Wmissing-prototypes -Wmissing-declarations -Wredundant-decls -MT memcached_debug-assoc.o -MD -MP -MF .deps/memcached_debug-assoc.Tpo -c -o memcached_debug-assoc.o `test -f 'assoc.c' || echo './'`assoc.c
mv -f .deps/memcached_debug-assoc.Tpo .deps/memcached_debug-assoc.Po
gcc -DHAVE_CONFIG_H -I.    -fprofile-arcs -ftest-coverage -DMEMCACHED_DEBUG -g -O2 -pthread -pthread -Wall -pedantic -Wmissing-prototypes -Wmissing-declarations -Wredundant-decls -MT memcached_debug-thread.o -MD -MP -MF .deps/memcached_debug-thread.Tpo -c -o memcached_debug-thread.o `test -f 'thread.c' || echo './'`thread.c
mv -f .deps/memcached_debug-thread.Tpo .deps/memcached_debug-thread.Po
gcc -DHAVE_CONFIG_H -I.    -fprofile-arcs -ftest-coverage -DMEMCACHED_DEBUG -g -O2 -pthread -pthread -Wall -pedantic -Wmissing-prototypes -Wmissing-declarations -Wredundant-decls -MT memcached_debug-daemon.o -MD -MP -MF .deps/memcached_debug-daemon.Tpo -c -o memcached_debug-daemon.o `test -f 'daemon.c' || echo './'`daemon.c
mv -f .deps/memcached_debug-daemon.Tpo .deps/memcached_debug-daemon.Po
gcc -DHAVE_CONFIG_H -I.    -fprofile-arcs -ftest-coverage -DMEMCACHED_DEBUG -g -O2 -pthread -pthread -Wall -pedantic -Wmissing-prototypes -Wmissing-declarations -Wredundant-decls -MT memcached_debug-stats_prefix.o -MD -MP -MF .deps/memcached_debug-stats_prefix.Tpo -c -o memcached_debug-stats_prefix.o `test -f 'stats_prefix.c' || echo './'`stats_prefix.c
mv -f .deps/memcached_debug-stats_prefix.Tpo .deps/memcached_debug-stats_prefix.Po
gcc -DHAVE_CONFIG_H -I.    -fprofile-arcs -ftest-coverage -DMEMCACHED_DEBUG -g -O2 -pthread -pthread -Wall -pedantic -Wmissing-prototypes -Wmissing-declarations -Wredundant-decls -MT memcached_debug-util.o -MD -MP -MF .deps/memcached_debug-util.Tpo -c -o memcached_debug-util.o `test -f 'util.c' || echo './'`util.c
mv -f .deps/memcached_debug-util.Tpo .deps/memcached_debug-util.Po
gcc -DHAVE_CONFIG_H -I.    -fprofile-arcs -ftest-coverage -DMEMCACHED_DEBUG -g -O2 -pthread -pthread -Wall -pedantic -Wmissing-prototypes -Wmissing-declarations -Wredundant-decls -MT memcached_debug-cache.o -MD -MP -MF .deps/memcached_debug-cache.Tpo -c -o memcached_debug-cache.o `test -f 'cache.c' || echo './'`cache.c
mv -f .deps/memcached_debug-cache.Tpo .deps/memcached_debug-cache.Po
gcc -DHAVE_CONFIG_H -I.    -fprofile-arcs -ftest-coverage -DMEMCACHED_DEBUG -g -O2 -pthread -pthread -Wall -pedantic -Wmissing-prototypes -Wmissing-declarations -Wredundant-decls -MT memcached_debug-bipbuffer.o -MD -MP -MF .deps/memcached_debug-bipbuffer.Tpo -c -o memcached_debug-bipbuffer.o `test -f 'bipbuffer.c' || echo './'`bipbuffer.c
mv -f .deps/memcached_debug-bipbuffer.Tpo .deps/memcached_debug-bipbuffer.Po
gcc -DHAVE_CONFIG_H -I.    -fprofile-arcs -ftest-coverage -DMEMCACHED_DEBUG -g -O2 -pthread -pthread -Wall -pedantic -Wmissing-prototypes -Wmissing-declarations -Wredundant-decls -MT memcached_debug-base64.o -MD -MP -MF .deps/memcached_debug-base64.Tpo -c -o memcached_debug-base64.o `test -f 'base64.c' || echo './'`base64.c
mv -f .deps/memcached_debug-base64.Tpo .deps/memcached_debug-base64.Po
gcc -DHAVE_CONFIG_H -I.    -fprofile-arcs -ftest-coverage -DMEMCACHED_DEBUG -g -O2 -pthread -pthread -Wall -pedantic -Wmissing-prototypes -Wmissing-declarations -Wredundant-decls -MT memcached_debug-logger.o -MD -MP -MF .deps/memcached_debug-logger.Tpo -c -o memcached_debug-logger.o `test -f 'logger.c' || echo './'`logger.c
mv -f .deps/memcached_debug-logger.Tpo .deps/memcached_debug-logger.Po
gcc -DHAVE_CONFIG_H -I.    -fprofile-arcs -ftest-coverage -DMEMCACHED_DEBUG -g -O2 -pthread -pthread -Wall -pedantic -Wmissing-prototypes -Wmissing-declarations -Wredundant-decls -MT memcached_debug-crawler.o -MD -MP -MF .deps/memcached_debug-crawler.Tpo -c -o memcached_debug-crawler.o `test -f 'crawler.c' || echo './'`crawler.c
mv -f .deps/memcached_debug-crawler.Tpo .deps/memcached_debug-crawler.Po
gcc -DHAVE_CONFIG_H -I.    -fprofile-arcs -ftest-coverage -DMEMCACHED_DEBUG -g -O2 -pthread -pthread -Wall -pedantic -Wmissing-prototypes -Wmissing-declarations -Wredundant-decls -MT memcached_debug-itoa_ljust.o -MD -MP -MF .deps/memcached_debug-itoa_ljust.Tpo -c -o memcached_debug-itoa_ljust.o `test -f 'itoa_ljust.c' || echo './'`itoa_ljust.c
mv -f .deps/memcached_debug-itoa_ljust.Tpo .deps/memcached_debug-itoa_ljust.Po
gcc -DHAVE_CONFIG_H -I.    -fprofile-arcs -ftest-coverage -DMEMCACHED_DEBUG -g -O2 -pthread -pthread -Wall -pedantic -Wmissing-prototypes -Wmissing-declarations -Wredundant-decls -MT memcached_debug-slab_automove.o -MD -MP -MF .deps/memcached_debug-slab_automove.Tpo -c -o memcached_debug-slab_automove.o `test -f 'slab_automove.c' || echo './'`slab_automove.c
mv -f .deps/memcached_debug-slab_automove.Tpo .deps/memcached_debug-slab_automove.Po
gcc -DHAVE_CONFIG_H -I.    -fprofile-arcs -ftest-coverage -DMEMCACHED_DEBUG -g -O2 -pthread -pthread -Wall -pedantic -Wmissing-prototypes -Wmissing-declarations -Wredundant-decls -MT memcached_debug-slabs_mover.o -MD -MP -MF .deps/memcached_debug-slabs_mover.Tpo -c -o memcached_debug-slabs_mover.o `test -f 'slabs_mover.c' || echo './'`slabs_mover.c
mv -f .deps/memcached_debug-slabs_mover.Tpo .deps/memcached_debug-slabs_mover.Po
gcc -DHAVE_CONFIG_H -I.    -fprofile-arcs -ftest-coverage -DMEMCACHED_DEBUG -g -O2 -pthread -pthread -Wall -pedantic -Wmissing-prototypes -Wmissing-declarations -Wredundant-decls -MT memcached_debug-authfile.o -MD -MP -MF .deps/memcached_debug-authfile.Tpo -c -o memcached_debug-authfile.o `test -f 'authfile.c' || echo './'`authfile.c
mv -f .deps/memcached_debug-authfile.Tpo .deps/memcached_debug-authfile.Po
gcc -DHAVE_CONFIG_H -I.    -fprofile-arcs -ftest-coverage -DMEMCACHED_DEBUG -g -O2 -pthread -pthread -Wall -pedantic -Wmissing-prototypes -Wmissing-declarations -Wredundant-decls -MT memcached_debug-restart.o -MD -MP -MF .deps/memcached_debug-restart.Tpo -c -o memcached_debug-restart.o `test -f 'restart.c' || echo './'`restart.c
mv -f .deps/memcached_debug-restart.Tpo .deps/memcached_debug-restart.Po
gcc -DHAVE_CONFIG_H -I.    -fprofile-arcs -ftest-coverage -DMEMCACHED_DEBUG -g -O2 -pthread -pthread -Wall -pedantic -Wmissing-prototypes -Wmissing-declarations -Wredundant-decls -MT memcached_debug-proto_text.o -MD -MP -MF .deps/memcached_debug-proto_text.Tpo -c -o memcached_debug-proto_text.o `test -f 'proto_text.c' || echo './'`proto_text.c
mv -f .deps/memcached_debug-proto_text.Tpo .deps/memcached_debug-proto_text.Po
gcc -DHAVE_CONFIG_H -I.    -fprofile-arcs -ftest-coverage -DMEMCACHED_DEBUG -g -O2 -pthread -pthread -Wall -pedantic -Wmissing-prototypes -Wmissing-declarations -Wredundant-decls -MT memcached_debug-proto_bin.o -MD -MP -MF .deps/memcached_debug-proto_bin.Tpo -c -o memcached_debug-proto_bin.o `test -f 'proto_bin.c' || echo './'`proto_bin.c
mv -f .deps/memcached_debug-proto_bin.Tpo .deps/memcached_debug-proto_bin.Po
gcc -DHAVE_CONFIG_H -I.    -fprofile-arcs -ftest-coverage -DMEMCACHED_DEBUG -g -O2 -pthread -pthread -Wall -pedantic -Wmissing-prototypes -Wmissing-declarations -Wredundant-decls -MT memcached_debug-extstore.o -MD -MP -MF .deps/memcached_debug-extstore.Tpo -c -o memcached_debug-extstore.o `test -f 'extstore.c' || echo './'`extstore.c
mv -f .deps/memcached_debug-extstore.Tpo .deps/memcached_debug-extstore.Po
gcc -DHAVE_CONFIG_H -I.    -fprofile-arcs -ftest-coverage -DMEMCACHED_DEBUG -g -O2 -pthread -pthread -Wall -pedantic -Wmissing-prototypes -Wmissing-declarations -Wredundant-decls -MT memcached_debug-crc32c.o -MD -MP -MF .deps/memcached_debug-crc32c.Tpo -c -o memcached_debug-crc32c.o `test -f 'crc32c.c' || echo './'`crc32c.c
mv -f .deps/memcached_debug-crc32c.Tpo .deps/memcached_debug-crc32c.Po
gcc -DHAVE_CONFIG_H -I.    -fprofile-arcs -ftest-coverage -DMEMCACHED_DEBUG -g -O2 -pthread -pthread -Wall -pedantic -Wmissing-prototypes -Wmissing-declarations -Wredundant-decls -MT memcached_debug-storage.o -MD -MP -MF .deps/memcached_debug-storage.Tpo -c -o memcached_debug-storage.o `test -f 'storage.c' || echo './'`storage.c
mv -f .deps/memcached_debug-storage.Tpo .deps/memcached_debug-storage.Po
gcc -DHAVE_CONFIG_H -I.    -fprofile-arcs -ftest-coverage -DMEMCACHED_DEBUG -g -O2 -pthread -pthread -Wall -pedantic -Wmissing-prototypes -Wmissing-declarations -Wredundant-decls -MT memcached_debug-slab_automove_extstore.o -MD -MP -MF .deps/memcached_debug-slab_automove_extstore.Tpo -c -o memcached_debug-slab_automove_extstore.o `test -f 'slab_automove_extstore.c' || echo './'`slab_automove_extstore.c
mv -f .deps/memcached_debug-slab_automove_extstore.Tpo .deps/memcached_debug-slab_automove_extstore.Po
gcc -fprofile-arcs -ftest-coverage -DMEMCACHED_DEBUG -g -O2 -pthread -pthread -Wall -pedantic -Wmissing-prototypes -Wmissing-declarations -Wredundant-decls   -o memcached-debug memcached_debug-memcached.o memcached_debug-hash.o memcached_debug-jenkins_hash.o memcached_debug-murmur3_hash.o memcached_debug-slabs.o memcached_debug-items.o memcached_debug-assoc.o memcached_debug-thread.o memcached_debug-daemon.o memcached_debug-stats_prefix.o memcached_debug-util.o memcached_debug-cache.o memcached_debug-bipbuffer.o memcached_debug-base64.o memcached_debug-logger.o memcached_debug-crawler.o memcached_debug-itoa_ljust.o memcached_debug-slab_automove.o memcached_debug-slabs_mover.o memcached_debug-authfile.o memcached_debug-restart.o memcached_debug-proto_text.o memcached_debug-proto_bin.o        memcached_debug-extstore.o memcached_debug-crc32c.o memcached_debug-storage.o memcached_debug-slab_automove_extstore.o  -lgcov     -levent 
gcc -DHAVE_CONFIG_H -I.     -g -O2 -pthread -pthread -Wall -pedantic -Wmissing-prototypes -Wmissing-declarations -Wredundant-decls -MT sizes.o -MD -MP -MF .deps/sizes.Tpo -c -o sizes.o sizes.c
mv -f .deps/sizes.Tpo .deps/sizes.Po
gcc  -g -O2 -pthread -pthread -Wall -pedantic -Wmissing-prototypes -Wmissing-declarations -Wredundant-decls   -o sizes sizes.o  -levent 
gcc -DHAVE_CONFIG_H -I.     -g -O2 -pthread -pthread -Wall -pedantic -Wmissing-prototypes -Wmissing-declarations -Wredundant-decls -MT testapp.o -MD -MP -MF .deps/testapp.Tpo -c -o testapp.o testapp.c
mv -f .deps/testapp.Tpo .deps/testapp.Po
gcc -DHAVE_CONFIG_H -I.     -g -O2 -pthread -pthread -Wall -pedantic -Wmissing-prototypes -Wmissing-declarations -Wredundant-decls -MT util.o -MD -MP -MF .deps/util.Tpo -c -o util.o util.c
mv -f .deps/util.Tpo .deps/util.Po
gcc -DHAVE_CONFIG_H -I.     -g -O2 -pthread -pthread -Wall -pedantic -Wmissing-prototypes -Wmissing-declarations -Wredundant-decls -MT stats_prefix.o -MD -MP -MF .deps/stats_prefix.Tpo -c -o stats_prefix.o stats_prefix.c
mv -f .deps/stats_prefix.Tpo .deps/stats_prefix.Po
gcc -DHAVE_CONFIG_H -I.     -g -O2 -pthread -pthread -Wall -pedantic -Wmissing-prototypes -Wmissing-declarations -Wredundant-decls -MT jenkins_hash.o -MD -MP -MF .deps/jenkins_hash.Tpo -c -o jenkins_hash.o jenkins_hash.c
mv -f .deps/jenkins_hash.Tpo .deps/jenkins_hash.Po
gcc -DHAVE_CONFIG_H -I.     -g -O2 -pthread -pthread -Wall -pedantic -Wmissing-prototypes -Wmissing-declarations -Wredundant-decls -MT murmur3_hash.o -MD -MP -MF .deps/murmur3_hash.Tpo -c -o murmur3_hash.o murmur3_hash.c
mv -f .deps/murmur3_hash.Tpo .deps/murmur3_hash.Po
gcc -DHAVE_CONFIG_H -I.     -g -O2 -pthread -pthread -Wall -pedantic -Wmissing-prototypes -Wmissing-declarations -Wredundant-decls -MT cache.o -MD -MP -MF .deps/cache.Tpo -c -o cache.o cache.c
mv -f .deps/cache.Tpo .deps/cache.Po
gcc -DHAVE_CONFIG_H -I.     -g -O2 -pthread -pthread -Wall -pedantic -Wmissing-prototypes -Wmissing-declarations -Wredundant-decls -MT crc32c.o -MD -MP -MF .deps/crc32c.Tpo -c -o crc32c.o crc32c.c
mv -f .deps/crc32c.Tpo .deps/crc32c.Po
gcc  -g -O2 -pthread -pthread -Wall -pedantic -Wmissing-prototypes -Wmissing-declarations -Wredundant-decls   -o testapp testapp.o util.o stats_prefix.o jenkins_hash.o murmur3_hash.o cache.o crc32c.o  -levent 
gcc -DHAVE_CONFIG_H -I.     -g -O2 -pthread -pthread -Wall -pedantic -Wmissing-prototypes -Wmissing-declarations -Wredundant-decls -MT timedrun.o -MD -MP -MF .deps/timedrun.Tpo -c -o timedrun.o timedrun.c
mv -f .deps/timedrun.Tpo .deps/timedrun.Po
gcc  -g -O2 -pthread -pthread -Wall -pedantic -Wmissing-prototypes -Wmissing-declarations -Wredundant-decls   -o timedrun timedrun.o  -levent 
make[3]: Leaving directory '/home/g4br13l/Documents/sistemasOperativos/practica01/memcached_Makefile/files/memcached'
make[2]: Leaving directory '/home/g4br13l/Documents/sistemasOperativos/practica01/memcached_Makefile/files/memcached'
make[1]: Leaving directory '/home/g4br13l/Documents/sistemasOperativos/practica01/memcached_Makefile/files/memcached'
